areas/limbo1.are
areas/smurf.are
areas/plains.are
areas/ofcol2.are
areas/pkillarn.are
areas/scint.are
areas/olympus.are
areas/air.are
areas/shire.are
areas/immort.are
areas/hitower.are
areas/gnome.are
areas/wyvern.are
areas/handel.are
areas/catacomb.are
areas/hood.are
areas/draconia.are
areas/mahntor.are
areas/firestrm.are
areas/melynda.are
areas/sov2.are
areas/trollden.are
areas/midgaard.are
areas/arrakis.are
areas/chapel.are
areas/midennir.are
areas/grave.are
areas/school.are
areas/satin.are
areas/moria.are
areas/demise.are
areas/honor.are
areas/circle2.are
areas/balance.are
areas/macleod.are
areas/posse.are
areas/scint2.are
areas/legionc.are
areas/eastern.are
areas/drow.are
areas/thalos.are
areas/mirror.are
newareas/ofcol.are
areas/haon.are
newareas/arachnos.are
areas/ecl.are
areas/dwarven.are
areas/daycare.are
areas/earend1.are
areas/quifael.are
areas/sewer.are
areas/astral.are
areas/valley.are
areas/mega1.are
areas/marsh.are
areas/dream.are
areas/pyramid.are
areas/whore.are
areas/grove.are
areas/dylan.are
areas/canyon.are
areas/galaxy.are
areas/mobfact.are
areas/newthalos.are
areas/bloodmoo.are
areas/rhood.are
areas/cwarsbb.are
areas/tohell.are
areas/lostcat.are
areas/gypcam.are
areas/rebby.are
areas/banshee.are
newareas/matook.are
areas/bunion.are
areas/soggy.are
areas/tallt.are
areas/windr.are
areas/daisy.are
areas/sri.are
areas/nova.are
areas/blerg.are
areas/forbid.are
areas/bluet.are
areas/alu2area.are
areas/alucard.are
areas/daisy2.are
areas/johnwa.are
areas/elfprint.are
areas/yukon.are
areas/lycan.are
areas/nobody.are
areas/mandrake.are
areas/buldtown.are
areas/bldtown2.are
areas/guido.are
areas/themes.are
areas/doofie.are
areas/doofie2.are
areas/cyberd1.are
areas/khira2.are
areas/khicaves.are
areas/poquah.are
areas/guerr1.are
areas/demise2.are
areas/honor2.are
areas/posse2.are
areas/elenar.are
areas/anarchy2.are
areas/prowler1.are
areas/avarice.are
areas/magiclan.are
areas/warlock.are
areas/newbb.are
areas/wyvriver.are
areas/rage10.are
areas/rage11.are
areas/slod1.are
areas/slod3.are
areas/luria3.are
areas/valder1.are
newareas/dallas2.are
newareas/dally.are
newareas/cdeath2.are
newareas/rhood2.are
newareas/r_n_stes.are
newareas/prowler2.are
newareas/randal1.are
newareas/nimthas1.are
newareas/stylee1.are
newareas/kuno2.are
newareas/briar1.are
newareas/scint2.are
newareas/hobkin1.are
newareas/ralaana1.are
newareas/stylee2.are
newareas/braxen1.are
newareas/briarrz2.are
newareas/nd2.are
newareas/halo1.are
areas/alagastr.are
newareas/redferne1.are
areas/nirvana.are
newareas/luria1.are
newareas/luria2.are
newareas/woosterv.are
newareas/seog1.are
newareas/karag1.are
newareas/moria2.are
newareas/carthage.are
newareas/elencity.are
areas/bhonor.are
areas/bdemise.are
areas/bwarlock.are
areas/bzealot.are
areas/bposse.are
areas/demise2.are
newareas/alag3.are